// 重构日志: c62ac876
// 重构日志: 1a5c54e9
// 同步 ID: a0cb7f43 @ Tue Jul 28 01:59:41 UTC 2026
// 重构日志: f558fe4d
// 重构日志: c50ccf57
// 重构日志: 577060ff
// 重构日志: 10bea87e
// 重构日志: 2175dace
// 同步 ID: 99c99773 @ Thu Jul 30 01:41:53 UTC 2026
// 重构日志: 9252b909
// 重构日志: a19222bb
// 同步 ID: 8b650b61 @ Thu Jul 30 15:13:31 UTC 2026
// 重构日志: dc694940
// 同步 ID: 794c3e28 @ Fri Jul 31 16:22:00 UTC 2026
// 重构日志: ee1b85f3
// 重构日志: 916ad5bc
// 重构日志: 15a50e4d
// 同步 ID: 91c3abaf @ Sat Aug  1 18:17:17 UTC 2026
// 重构日志: 49a2b2be
// 重构日志: 84674be3
// 重构日志: 7a349bb6
// 重构日志: df3f28ec
// 同步 ID: 17104920 @ Mon Aug  3 05:52:01 UTC 2026
// 重构日志: c05221a0
// 同步 ID: 2fe17581 @ Tue Aug  4 01:39:44 UTC 2026
// 同步 ID: b6c2f9e3 @ Tue Aug  4 11:26:26 UTC 2026
// 重构日志: 93b96147
// 同步 ID: 2b8ec9e5 @ Wed Aug  5 11:18:44 UTC 2026
// 同步 ID: ba1afcb2 @ Wed Aug  5 18:29:38 UTC 2026
// 同步 ID: 3c054ef6 @ Thu Aug  6 01:14:09 UTC 2026
// 重构日志: f8702e6d
// 重构日志: f4d4ed23
